// Jest Snapshot v1, https://goo.gl/fbAQLP

exports[`Terminal renders correctly 1`] = `
<div
  className="theme--light"
  id="themeContainer"
  onBlur={[Function]}
  onClick={[Function]}
  onKeyDown={[Function]}
>
  <div
    className="terminal"
  >
    <div
      className="controls"
    >
      <div
        className="consoleCtrl close"
      />
      <div
        className="consoleCtrl minimize"
      />
      <div
        className="consoleCtrl maximize"
      />
    </div>
    <div
      className="editor"
    >
      <span>
        &gt;&gt;&gt;
      </span>
      <div
        autoCapitalize="off"
        autoCorrect="off"
        className="editArea"
        contentEditable={true}
        suppressContentEditableWarning={true}
      >
        <span
          className="caret"
        >
          <span
            className="caretAfter"
          />
        </span>
      </div>
    </div>
  </div>
</div>
`;
